// Jest Snapshot v1, https://goo.gl/fbAQLP

exports[`BeagleTextComponent should match snapshot 1`] = `
BeagleTextComponent {
  "alignment": "INHERIT",
  "renderedText": "",
  "styleId": "",
  "text": "",
  "textColor": "inherit",
}
`;
